/usr/bin/ffmpeg -hide_banner -y -y -r 9 -start_number 0 -start_number_range 1 -i /home/charlesa/GitHub/birds/assets/minibirds/frame%04d.png -i /home/charlesa/GitHub/birds/assets/minibirds/KritaTempPalettegen_%06d.png -lavfi [0:v][1:v]paletteuse=dither=sierra2_4a:diff_mode=none -f gif -loop 0 -gifflags +transdiff /home/charlesa/GitHub/birds/assets/minibirds/DCCO2.gif
=====================================================
Input #0, image2, from '/home/charlesa/GitHub/birds/assets/minibirds/frame%04d.png':
  Duration: 00:00:01.64, start: 0.000000, bitrate: N/A
  Stream #0:0: Video: png, rgba(pc, gbr/unknown/unknown), 75x44 [SAR 3937:3937 DAR 75:44], 25 fps, 25 tbr, 25 tbn
Input #1, image2, from '/home/charlesa/GitHub/birds/assets/minibirds/KritaTempPalettegen_%06d.png':
  Duration: 00:00:00.04, start: 0.000000, bitrate: N/A
  Stream #1:0: Video: png, rgba(pc, gbr/unknown/unknown), 16x16 [SAR 1:1 DAR 1:1], 25 fps, 25 tbr, 25 tbn
Stream mapping:
  Stream #0:0 (png) -> paletteuse
  Stream #1:0 (png) -> paletteuse
  paletteuse:default -> Stream #0:0 (gif)
Press [q] to stop, [?] for help
Output #0, gif, to '/home/charlesa/GitHub/birds/assets/minibirds/DCCO2.gif':
  Metadata:
    encoder         : Lavf62.12.102
  Stream #0:0: Video: gif, pal8(pc, gbr/unknown/unknown, progressive), 75x44 [SAR 1:1 DAR 75:44], q=2-31, 200 kb/s, 9 fps, 100 tbn
    Metadata:
      encoder         : Lavc62.28.102 gif
[out#0/gif @ 0xaaaaead33870] video:20KiB audio:0KiB subtitle:0KiB other streams:0KiB global headers:0KiB muxing overhead: 0.095850%
frame=   41 fps=0.0 q=-0.0 Lsize=      20KiB time=00:00:04.55 bitrate=  36.7kbits/s speed=1.02e+03x elapsed=0:00:00.00    
